java.lang.Exception: TypeError: (intermediate value).cloneDatabase is not a function