java.lang.Exception: TypeError: (intermediate value).unknownMethod is not a function