|map|
|Document{{_id=2, name=Petya}}|
|Document{{_id=3, name=Lyusya}}|