|map|
|Document{{key=value, array=[1, 2, 3, Document{{another_object=  .$# }}]}}|