|map|
|{0=DeprecationWarning: Collection.update() is deprecated. Use updateOne, updateMany or bulkWrite.}|