|map|
|Document{{_id=<ObjectID>, key=value}}|

|map|
|Document{{_id=<ObjectID>, key=value}}|