java.lang.IllegalArgumentException: Invalid BSON document for an update. The document may not be empty.