|map|
|Document{{version=4.1.13, gitVersion=<ObjectID>a5cac41dcd413eaa, modules=[], allocator=tcmalloc, javascriptEngine=mozjs, sysInfo=deprecated, versionArray=[4, 1, 13, 0], openssl=Document{{running=OpenSSL 1.0.2g  1 Mar 2016, compiled=OpenSSL 1.0.2g  1 Mar 2016}}, buildEnvironment=Document{{distmod=ubuntu1604, distarch=x86_64, cc=/opt/mongodbtoolchain/v3/bin/gcc: gcc (GCC) 8.2.0, ccflags=-fno-omit-frame-pointer -fno-strict-aliasing -ggdb -pthread -Wall -Wsign-compare -Wno-unknown-pragmas -Winvalid-pch -Werror -O2 -Wno-unused-local-typedefs -Wno-unused-function -Wno-deprecated-declarations -Wno-unused-const-variable -Wno-unused-but-set-variable -Wno-missing-braces -fstack-protector-strong -fno-builtin-memcmp, cxx=/opt/mongodbtoolchain/v3/bin/g++: g++ (GCC) 8.2.0, cxxflags=-Woverloaded-virtual -Wno-maybe-uninitialized -fsized-deallocation -std=c++17, linkflags=-pthread -Wl,-z,now -rdynamic -Wl,--fatal-warnings -fstack-protector-strong -fuse-ld=gold -Wl,--build-id -Wl,--hash-style=gnu -Wl,-z,noexecstack -Wl,--warn-execstack -Wl,-z,relro, target_arch=x86_64, target_os=linux}}, bits=64, debug=false, maxBsonObjectSize=16777216, storageEngines=[biggie, devnull, ephemeralForTest, wiredTiger], ok=1.0}}|