|map|
|Document{{acknowledged=true, deletedCount=2}}|
