Method db.collection.dropIndexes(<array>) is not implemented