|map|
|Document{{_id=<ObjectID>, key=value, v=2}}|