|map|
|Document{{_id=<ObjectID>, category=cat1, title=t1, v=1}}|
|Document{{_id=<ObjectID>, category=cat2, title=t3, v=2}}|
|Document{{_id=<ObjectID>, category=cat2, title=t4, v=3}}|