|map|
|Document{{acknowledged=true, matchedCount=2, modifiedCount=2}}|