No result
com.mongodb.mongosh.result.CommandException: unrecognized create collection options field: unknown