com.mongodb.MongoCommandException: Command failed with error 59 (CommandNotFound): 'no such command: 'col'' on server %mongohostport%. The full response is {"ok": 0.0, "errmsg": "no such command: 'col'", "code": 59, "codeName": "CommandNotFound"}