java.lang.Exception: TypeError: (intermediate value).limit is not a function
