|map|
|Document{{ok=0.0, errmsg=no such command: 'col', code=59, codeName=CommandNotFound}}|