Method db.collection.drop(<document>) is not implemented