|map|
|Document{{_id=<ObjectID>, key=value2, a=2}}|