|map|
|Document{{acknowledged=true, deletedCount=1}}|