|map|
|Document{{v=2, key=Document{{_id=1}}, name=_id_, ns=admin.col}}|
|Document{{v=2, key=Document{{category=1}}, name=category_1, ns=admin.col, collation=Document{{locale=fr, caseLevel=false, caseFirst=off, strength=3, numericOrdering=false, alternate=non-ignorable, maxVariable=punct, normalization=false, backwards=false, version=57.1}}}}|