|map|
|Document{{_id=1}}|
|Document{{_id=2}}|
|Document{{_id=3}}|